--------------------------------------------------------------------------------------
Timing Analyzer Summary
--------------------------------------------------------------------------------------

Type           : Worst-case tsu
Slack          : N/A
Required Time  : None
Actual Time    : 18.700 ns
From           : DIP0
To             : register8bits:63|register1bit:23|1
From Clock     : --
To Clock       : clk
Failed Paths   : 0

Type           : Worst-case tco
Slack          : N/A
Required Time  : None
Actual Time    : 25.400 ns
From           : register8bits:66|register1bit:29|1
To             : f1
From Clock     : clk
To Clock       : --
Failed Paths   : 0

Type           : Worst-case th
Slack          : N/A
Required Time  : None
Actual Time    : -5.500 ns
From           : DIP7
To             : register8bits:63|register1bit:30|1
From Clock     : --
To Clock       : clk
Failed Paths   : 0

Type           : Clock Setup: 'clk'
Slack          : N/A
Required Time  : None
Actual Time    : 16.39 MHz ( period = 61.000 ns )
From           : ram256x8:104|lpm_ram_dq:lpm_ram_dq_component|altram:sram|q[4]~reg_wa7
To             : counter8bits:60|counter1bit:50|1
From Clock     : clk
To Clock       : clk
Failed Paths   : 0

Type           : Total number of failed paths
Slack          : 
Required Time  : 
Actual Time    : 
From           : 
To             : 
From Clock     : 
To Clock       : 
Failed Paths   : 0

--------------------------------------------------------------------------------------

